     C000             (     helloworld.S):00001         ACIA_CFG_REG    equ $C000
     C000             (     helloworld.S):00002         ACIA_STATUS_REG equ $C000
     C001             (     helloworld.S):00003         ACIA_DATA_REG   equ $C001
                      (     helloworld.S):00004         
     0003             (     helloworld.S):00005         ACIA_RESET      equ %00000011   ; CR0 = 1 and CR1 = 1
     0095             (     helloworld.S):00006         ACIA_CFG        equ %10010101   ; Receive Int enable, Transmit Int disable, 8bits + 1 stop, clock/4/16=115200
     0002             (     helloworld.S):00007         ACIA_TDRE_MASK  equ %00000010   ; Mask to test Transmit Data Register Full
     0001             (     helloworld.S):00008         ACIA_RDRF_MASK  equ %00000001   ; Mask to test Receive Data Register Full
                      (     helloworld.S):00009         
     C081             (     helloworld.S):00010         PTM_CTRL_REG    equ $C081
     0042             (     helloworld.S):00011         PTM_CFG         equ %01000010   ;16bits mode, E clock source, no reset
     1000             (     helloworld.S):00012         RAMSTART        equ $1000
                      (     helloworld.S):00013                         
                      (     helloworld.S):00014                 org 0xFF00
FF00                  (     helloworld.S):00015         main:
FF00 1AFF             (     helloworld.S):00016                 orcc #$FF       ; Disable interrupts.
FF02 4F               (     helloworld.S):00017                 clra            
FF03 1F8B             (     helloworld.S):00018                 tfr a,dp        ; Set direct page register to 0.
FF05 10CE1000         (     helloworld.S):00019                 lds #RAMSTART   ; Initialize HwStack
FF09 C603             (     helloworld.S):00020                 ldb #ACIA_RESET
FF0B F7C000           (     helloworld.S):00021                 stb ACIA_CFG_REG        ;Master reset
FF0E C695             (     helloworld.S):00022                 ldb #ACIA_CFG
FF10 F7C000           (     helloworld.S):00023                 stb ACIA_CFG_REG        ;ACIA config via control register
                      (     helloworld.S):00024         
FF13 C642             (     helloworld.S):00025                 ldb #PTM_CFG
FF15 F7C081           (     helloworld.S):00026                 stb PTM_CTRL_REG 
FF18 8EFF34           (     helloworld.S):00027                 ldx #helloworld
FF1B                  (     helloworld.S):00028         putsagain:
FF1B E680             (     helloworld.S):00029                 ldb ,x+
FF1D 2704             (     helloworld.S):00030                 beq putsend
FF1F 8D04             (     helloworld.S):00031                 bsr acia_putc
FF21 20F8             (     helloworld.S):00032                 bra putsagain
FF23                  (     helloworld.S):00033         putsend:
FF23 20FE             (     helloworld.S):00034                 bra .
                      (     helloworld.S):00035         
                      (     helloworld.S):00036                         
                      (     helloworld.S):00037         ;Write a caracter to ACIA
                      (     helloworld.S):00038         ;Caracter to be written is in B
FF25                  (     helloworld.S):00039         acia_putc:  
FF25 3402             (     helloworld.S):00040                 pshs a
FF27                  (     helloworld.S):00041         tdr_full:
FF27 B6C000           (     helloworld.S):00042                 lda ACIA_STATUS_REG
FF2A 8402             (     helloworld.S):00043                 anda #ACIA_TDRE_MASK
FF2C 27F9             (     helloworld.S):00044                 beq tdr_full
FF2E F7C001           (     helloworld.S):00045                 stb ACIA_DATA_REG
FF31 3502             (     helloworld.S):00046                 puls a
FF33 39               (     helloworld.S):00047                 rts     
                      (     helloworld.S):00048                         
FF34                  (     helloworld.S):00049         helloworld:        
FF34 48656C6C6F20576F (     helloworld.S):00050                 fcc 'Hello World !'
     726C642021
FF41 0D0A00           (     helloworld.S):00051                 fcb $0D,$0A,$00
                      (     helloworld.S):00052                         
                      (     helloworld.S):00053                 org 0xFFFE    
FFFE FF00             (     helloworld.S):00054         reset:  fdb main        ;RESET

Symbol Table:
[ G] ACIA_CFG                         0095
[ G] ACIA_CFG_REG                     C000
[ G] ACIA_DATA_REG                    C001
[ G] acia_putc                        FF25
[ G] ACIA_RDRF_MASK                   0001
[ G] ACIA_RESET                       0003
[ G] ACIA_STATUS_REG                  C000
[ G] ACIA_TDRE_MASK                   0002
[ G] helloworld                       FF34
[ G] main                             FF00
[ G] PTM_CFG                          0042
[ G] PTM_CTRL_REG                     C081
[ G] putsagain                        FF1B
[ G] putsend                          FF23
[ G] RAMSTART                         1000
[ G] reset                            FFFE
[ G] tdr_full                         FF27
